============================= test session starts =============================
platform win32 -- Python 3.12.13, pytest-9.1.1, pluggy-1.6.0
rootdir: C:\Users\khams008\Documents\awr2944-fmcw-radar
configfile: pyproject.toml
plugins: hypothesis-6.155.7
collected 283 items

tests\test_api.py ....                                                   [  1%]
tests\test_classify.py ....                                              [  2%]
tests\test_cli.py ..........                                             [  6%]
tests\test_cli_wrappers.py ........                                      [  9%]
tests\test_config.py .............                                       [ 13%]
tests\test_config_commands.py ............................               [ 23%]
tests\test_config_parser.py ......                                       [ 25%]
tests\test_context.py ..                                                 [ 26%]
tests\test_dsp.py ...................                                    [ 33%]
