============================= test session starts =============================
platform win32 -- Python 3.12.13, pytest-9.1.1, pluggy-1.6.0 -- C:\Users\khams008\Documents\awr2944-fmcw-radar\.venv\Scripts\python.exe
cachedir: .pytest_cache
hypothesis profile 'default'
rootdir: C:\Users\khams008\Documents\awr2944-fmcw-radar
configfile: pyproject.toml
plugins: hypothesis-6.155.7
collecting ... collected 9 items

tests/test_failure_report.py::test_failure_report_no_artifacts PASSED    [ 11%]
tests/test_failure_report.py::test_failure_report_guided_state_failed FAILED [ 22%]
tests/test_failure_report.py::test_failure_report_direct_state_arg PASSED [ 33%]
tests/test_failure_report.py::test_failure_report_run_failed PASSED      [ 44%]
tests/test_failure_report.py::test_failure_report_dirty_session PASSED   [ 55%]
tests/test_failure_report.py::test_failure_report_orphan_manifest PASSED [ 66%]
tests/test_failure_report.py::test_cli_json_output FAILED                [ 77%]
tests/test_failure_report.py::test_cli_text_output FAILED                [ 88%]
tests/test_failure_report.py::test_semantic_dry_run_bug FAILED           [100%]